exports[`<Support /> renders correctly 1`] = `
<div>
  Support
</div>
`;
