// Jest Snapshot v1, https://goo.gl/fbAQLP

exports[`<Header /> should match render snapshot 1`] = `
<div>
  <div
    className="row"
  >
    <div
      className="column"
    >
      <div
        className="app-header__top"
      >
        <a
          href="/"
        >
          <img
            alt="Company Logo"
            src="images/logo.png"
          />
        </a>
        <nav
          className="app-header-nav"
        >
          <ul
            className="menu align-center"
          >
            <li>
              <a
                aria-current="true"
                className="active"
                href="/"
                onClick={[Function]}
                style={
                  Object {
                    "color": "#f28020",
                  }
                }
              >
                HOME
              </a>
            </li>
            <li>
              <a
                aria-current={false}
                className={undefined}
                href="#contactForm"
                onClick={[Function]}
                style={undefined}
              >
                CONTACT
              </a>
            </li>
            <li>
              <a
                aria-current={false}
                className={undefined}
                href="/privacy-policy"
                onClick={[Function]}
                style={undefined}
              >
                PRIVACY
              </a>
            </li>
          </ul>
        </nav>
        <div
          className="app-header-social text-center medium-text-right"
        >
          <a
            href="mailto:info@eatdrinkhealthy.co"
          >
            <span
              className="fa-stack fa-lg"
            >
              <i
                className="fa fa-circle fa-stack-2x"
              />
              <i
                className="fa fa-envelope fa-stack-1x fa-inverse"
              />
            </span>
          </a>
          <a
            href="https://www.linkedin.com/company/16173480/"
            rel="noopener noreferrer"
            target="_blank"
          >
            <span
              className="fa-stack fa-lg"
            >
              <i
                className="fa fa-circle fa-stack-2x"
              />
              <i
                className="fa fa-linkedin fa-stack-1x fa-inverse"
              />
            </span>
          </a>
        </div>
      </div>
    </div>
  </div>
  <header
    className="app-header"
  >
    <section
      className="app-header__banner"
    >
      <div
        className="app-header__banner-content-wrapper"
      >
        <div
          className="row"
        >
          <div
            className="column medium-8 large-7"
          >
            <div
              className="app-header__banner-headline"
            >
              A platform to find, share, and discuss healthy places to shop and eat.
            </div>
            <div
              className="app-header__banner-buttons"
            >
              <a
                className="button button--app-store"
                href="https://itunes.apple.com/app/id1116167404"
                rel="noopener noreferrer"
                target="_blank"
              >
                <i
                  className="fa fa-apple"
                />
                <span>
                  Download on
                  <br />
                  the 
                  <strong>
                    App Store
                  </strong>
                </span>
              </a>
              <a
                className="button button--wep-app"
                href="https://app.eatdrinkhealthy.co/"
                rel="noopener noreferrer"
                target="_blank"
              >
                <span>
                  Web App
                </span>
              </a>
            </div>
          </div>
        </div>
      </div>
    </section>
  </header>
</div>
`;
